     3>D:\projects\2024-misis-fall\misis2024f-24-04-yapparov-e-t\prj.lab\arrayd\arrayd.cpp(22,27): warning C4244: 'argument': conversion from 'double' to 'int', possible loss of data [D:\projects\2024-misis-fall\misis2024f-24-04-yapparov-e-t\build.check\prj.lab\arrayd\arrayd.vcxproj]
     3>D:\projects\2024-misis-fall\misis2024f-24-04-yapparov-e-t\prj.lab\arrayd\arrayd.cpp(82,28): warning C4244: 'argument': conversion from 'double' to 'int', possible loss of data [D:\projects\2024-misis-fall\misis2024f-24-04-yapparov-e-t\build.check\prj.lab\arrayd\arrayd.vcxproj]
     4>D:\projects\2024-misis-fall\misis2024f-24-04-yapparov-e-t\prj.test\arrayd_doctest.cpp(31,6): warning C4834: discarding return value of function with [[nodiscard]] attribute [D:\projects\2024-misis-fall\misis2024f-24-04-yapparov-e-t\build.check\prj.test\arrayd_doctest.vcxproj]
     4>D:\projects\2024-misis-fall\misis2024f-24-04-yapparov-e-t\prj.test\arrayd_doctest.cpp(37,6): warning C4834: discarding return value of function with [[nodiscard]] attribute [D:\projects\2024-misis-fall\misis2024f-24-04-yapparov-e-t\build.check\prj.test\arrayd_doctest.vcxproj]
     4>D:\projects\2024-misis-fall\misis2024f-24-04-yapparov-e-t\prj.test\arrayd_doctest.cpp(43,6): warning C4834: discarding return value of function with [[nodiscard]] attribute [D:\projects\2024-misis-fall\misis2024f-24-04-yapparov-e-t\build.check\prj.test\arrayd_doctest.vcxproj]
     4>D:\projects\2024-misis-fall\misis2024f-24-04-yapparov-e-t\prj.test\arrayd_doctest.cpp(48,2): warning C4834: discarding return value of function with [[nodiscard]] attribute [D:\projects\2024-misis-fall\misis2024f-24-04-yapparov-e-t\build.check\prj.test\arrayd_doctest.vcxproj]
     4>D:\projects\2024-misis-fall\misis2024f-24-04-yapparov-e-t\prj.test\arrayd_doctest.cpp(50,6): warning C4834: discarding return value of function with [[nodiscard]] attribute [D:\projects\2024-misis-fall\misis2024f-24-04-yapparov-e-t\build.check\prj.test\arrayd_doctest.vcxproj]
     4>D:\projects\2024-misis-fall\misis2024f-24-04-yapparov-e-t\prj.test\arrayd_doctest.cpp(55,2): warning C4834: discarding return value of function with [[nodiscard]] attribute [D:\projects\2024-misis-fall\misis2024f-24-04-yapparov-e-t\build.check\prj.test\arrayd_doctest.vcxproj]
     4>D:\projects\2024-misis-fall\misis2024f-24-04-yapparov-e-t\prj.test\arrayd_doctest.cpp(62,6): warning C4834: discarding return value of function with [[nodiscard]] attribute [D:\projects\2024-misis-fall\misis2024f-24-04-yapparov-e-t\build.check\prj.test\arrayd_doctest.vcxproj]
     4>D:\projects\2024-misis-fall\misis2024f-24-04-yapparov-e-t\prj.test\arrayd_doctest.cpp(70,6): warning C4834: discarding return value of function with [[nodiscard]] attribute [D:\projects\2024-misis-fall\misis2024f-24-04-yapparov-e-t\build.check\prj.test\arrayd_doctest.vcxproj]
     4>D:\projects\2024-misis-fall\misis2024f-24-04-yapparov-e-t\prj.test\arrayd_doctest.cpp(78,2): warning C4834: discarding return value of function with [[nodiscard]] attribute [D:\projects\2024-misis-fall\misis2024f-24-04-yapparov-e-t\build.check\prj.test\arrayd_doctest.vcxproj]
     4>D:\projects\2024-misis-fall\misis2024f-24-04-yapparov-e-t\prj.test\arrayd_doctest.cpp(79,2): warning C4834: discarding return value of function with [[nodiscard]] attribute [D:\projects\2024-misis-fall\misis2024f-24-04-yapparov-e-t\build.check\prj.test\arrayd_doctest.vcxproj]
     4>D:\projects\2024-misis-fall\misis2024f-24-04-yapparov-e-t\prj.test\arrayd_doctest.cpp(80,2): warning C4834: discarding return value of function with [[nodiscard]] attribute [D:\projects\2024-misis-fall\misis2024f-24-04-yapparov-e-t\build.check\prj.test\arrayd_doctest.vcxproj]
     7>D:\projects\2024-misis-fall\misis2024f-24-04-yapparov-e-t\prj.check\prj.check\doctest_arrayd\doctest_arrayd.cpp(57,6): warning C4834: discarding return value of function with [[nodiscard]] attribute [D:\projects\2024-misis-fall\misis2024f-24-04-yapparov-e-t\build.check\prj.check\prj.check\doctest_arrayd\doctest_arrayd.vcxproj]
     7>D:\projects\2024-misis-fall\misis2024f-24-04-yapparov-e-t\prj.check\prj.check\doctest_arrayd\doctest_arrayd.cpp(66,11): warning C4834: discarding return value of function with [[nodiscard]] attribute [D:\projects\2024-misis-fall\misis2024f-24-04-yapparov-e-t\build.check\prj.check\prj.check\doctest_arrayd\doctest_arrayd.vcxproj]
     7>D:\projects\2024-misis-fall\misis2024f-24-04-yapparov-e-t\prj.check\prj.check\doctest_arrayd\doctest_arrayd.cpp(87,11): warning C4834: discarding return value of function with [[nodiscard]] attribute [D:\projects\2024-misis-fall\misis2024f-24-04-yapparov-e-t\build.check\prj.check\prj.check\doctest_arrayd\doctest_arrayd.vcxproj]
     6>D:\projects\2024-misis-fall\misis2024f-24-04-yapparov-e-t\prj.test\complex_doctest.cpp(65,2): warning C4834: discarding return value of function with [[nodiscard]] attribute [D:\projects\2024-misis-fall\misis2024f-24-04-yapparov-e-t\build.check\prj.test\complex_doctest.vcxproj]
     6>D:\projects\2024-misis-fall\misis2024f-24-04-yapparov-e-t\prj.test\complex_doctest.cpp(66,2): warning C4834: discarding return value of function with [[nodiscard]] attribute [D:\projects\2024-misis-fall\misis2024f-24-04-yapparov-e-t\build.check\prj.test\complex_doctest.vcxproj]
     6>D:\projects\2024-misis-fall\misis2024f-24-04-yapparov-e-t\prj.test\complex_doctest.cpp(67,2): warning C4834: discarding return value of function with [[nodiscard]] attribute [D:\projects\2024-misis-fall\misis2024f-24-04-yapparov-e-t\build.check\prj.test\complex_doctest.vcxproj]
    18>D:\projects\2024-misis-fall\misis2024f-24-04-yapparov-e-t\prj.test\rational_doctest.cpp(74,2): warning C4834: discarding return value of function with [[nodiscard]] attribute [D:\projects\2024-misis-fall\misis2024f-24-04-yapparov-e-t\build.check\prj.test\rational_doctest.vcxproj]
    18>D:\projects\2024-misis-fall\misis2024f-24-04-yapparov-e-t\prj.test\rational_doctest.cpp(75,2): warning C4834: discarding return value of function with [[nodiscard]] attribute [D:\projects\2024-misis-fall\misis2024f-24-04-yapparov-e-t\build.check\prj.test\rational_doctest.vcxproj]
    18>D:\projects\2024-misis-fall\misis2024f-24-04-yapparov-e-t\prj.test\rational_doctest.cpp(76,2): warning C4834: discarding return value of function with [[nodiscard]] attribute [D:\projects\2024-misis-fall\misis2024f-24-04-yapparov-e-t\build.check\prj.test\rational_doctest.vcxproj]
     9>D:\projects\2024-misis-fall\misis2024f-24-04-yapparov-e-t\prj.test\arrayt_doctest.cpp(15,2): warning C4834: discarding return value of function with [[nodiscard]] attribute [D:\projects\2024-misis-fall\misis2024f-24-04-yapparov-e-t\build.check\prj.test\arrayt_doctest.vcxproj]
     9>D:\projects\2024-misis-fall\misis2024f-24-04-yapparov-e-t\prj.test\arrayt_doctest.cpp(23,2): warning C4834: discarding return value of function with [[nodiscard]] attribute [D:\projects\2024-misis-fall\misis2024f-24-04-yapparov-e-t\build.check\prj.test\arrayt_doctest.vcxproj]
     9>D:\projects\2024-misis-fall\misis2024f-24-04-yapparov-e-t\prj.test\arrayt_doctest.cpp(56,2): warning C4834: discarding return value of function with [[nodiscard]] attribute [D:\projects\2024-misis-fall\misis2024f-24-04-yapparov-e-t\build.check\prj.test\arrayt_doctest.vcxproj]
     9>D:\projects\2024-misis-fall\misis2024f-24-04-yapparov-e-t\prj.test\arrayt_doctest.cpp(62,2): warning C4834: discarding return value of function with [[nodiscard]] attribute [D:\projects\2024-misis-fall\misis2024f-24-04-yapparov-e-t\build.check\prj.test\arrayt_doctest.vcxproj]
     9>D:\projects\2024-misis-fall\misis2024f-24-04-yapparov-e-t\prj.test\arrayt_doctest.cpp(67,2): warning C4834: discarding return value of function with [[nodiscard]] attribute [D:\projects\2024-misis-fall\misis2024f-24-04-yapparov-e-t\build.check\prj.test\arrayt_doctest.vcxproj]
     9>D:\projects\2024-misis-fall\misis2024f-24-04-yapparov-e-t\prj.test\arrayt_doctest.cpp(73,2): warning C4834: discarding return value of function with [[nodiscard]] attribute [D:\projects\2024-misis-fall\misis2024f-24-04-yapparov-e-t\build.check\prj.test\arrayt_doctest.vcxproj]
     9>D:\projects\2024-misis-fall\misis2024f-24-04-yapparov-e-t\prj.test\arrayt_doctest.cpp(79,2): warning C4834: discarding return value of function with [[nodiscard]] attribute [D:\projects\2024-misis-fall\misis2024f-24-04-yapparov-e-t\build.check\prj.test\arrayt_doctest.vcxproj]
     9>D:\projects\2024-misis-fall\misis2024f-24-04-yapparov-e-t\prj.test\arrayt_doctest.cpp(85,2): warning C4834: discarding return value of function with [[nodiscard]] attribute [D:\projects\2024-misis-fall\misis2024f-24-04-yapparov-e-t\build.check\prj.test\arrayt_doctest.vcxproj]
     9>D:\projects\2024-misis-fall\misis2024f-24-04-yapparov-e-t\prj.test\arrayt_doctest.cpp(88,7): warning C4834: discarding return value of function with [[nodiscard]] attribute [D:\projects\2024-misis-fall\misis2024f-24-04-yapparov-e-t\build.check\prj.test\arrayt_doctest.vcxproj]
     9>D:\projects\2024-misis-fall\misis2024f-24-04-yapparov-e-t\prj.test\arrayt_doctest.cpp(92,2): warning C4834: discarding return value of function with [[nodiscard]] attribute [D:\projects\2024-misis-fall\misis2024f-24-04-yapparov-e-t\build.check\prj.test\arrayt_doctest.vcxproj]
     9>D:\projects\2024-misis-fall\misis2024f-24-04-yapparov-e-t\prj.test\arrayt_doctest.cpp(102,3): warning C4834: discarding return value of function with [[nodiscard]] attribute [D:\projects\2024-misis-fall\misis2024f-24-04-yapparov-e-t\build.check\prj.test\arrayt_doctest.vcxproj]
     9>D:\projects\2024-misis-fall\misis2024f-24-04-yapparov-e-t\prj.test\arrayt_doctest.cpp(112,3): warning C4834: discarding return value of function with [[nodiscard]] attribute [D:\projects\2024-misis-fall\misis2024f-24-04-yapparov-e-t\build.check\prj.test\arrayt_doctest.vcxproj]
     9>D:\projects\2024-misis-fall\misis2024f-24-04-yapparov-e-t\prj.test\arrayt_doctest.cpp(115,2): warning C4834: discarding return value of function with [[nodiscard]] attribute [D:\projects\2024-misis-fall\misis2024f-24-04-yapparov-e-t\build.check\prj.test\arrayt_doctest.vcxproj]
     9>D:\projects\2024-misis-fall\misis2024f-24-04-yapparov-e-t\prj.test\arrayt_doctest.cpp(97,20): warning C4244: 'argument': conversion from 'int' to 'const T', possible loss of data [D:\projects\2024-misis-fall\misis2024f-24-04-yapparov-e-t\build.check\prj.test\arrayt_doctest.vcxproj]
D:\projects\2024-misis-fall\misis2024f-24-04-yapparov-e-t\prj.test\arrayt_doctest.cpp(97,20): warning C4244:         with [D:\projects\2024-misis-fall\misis2024f-24-04-yapparov-e-t\build.check\prj.test\arrayt_doctest.vcxproj]
D:\projects\2024-misis-fall\misis2024f-24-04-yapparov-e-t\prj.test\arrayt_doctest.cpp(97,20): warning C4244:         [ [D:\projects\2024-misis-fall\misis2024f-24-04-yapparov-e-t\build.check\prj.test\arrayt_doctest.vcxproj]
D:\projects\2024-misis-fall\misis2024f-24-04-yapparov-e-t\prj.test\arrayt_doctest.cpp(97,20): warning C4244:             T=float [D:\projects\2024-misis-fall\misis2024f-24-04-yapparov-e-t\build.check\prj.test\arrayt_doctest.vcxproj]
D:\projects\2024-misis-fall\misis2024f-24-04-yapparov-e-t\prj.test\arrayt_doctest.cpp(97,20): warning C4244:         ] [D:\projects\2024-misis-fall\misis2024f-24-04-yapparov-e-t\build.check\prj.test\arrayt_doctest.vcxproj]
    14>D:\projects\2024-misis-fall\misis2024f-24-04-yapparov-e-t\prj.check\prj.check\doctest_arrayt\doctest_arrayt.cpp(58,6): warning C4834: discarding return value of function with [[nodiscard]] attribute [D:\projects\2024-misis-fall\misis2024f-24-04-yapparov-e-t\build.check\prj.check\prj.check\doctest_arrayt\doctest_arrayt.vcxproj]
    14>D:\projects\2024-misis-fall\misis2024f-24-04-yapparov-e-t\prj.check\prj.check\doctest_arrayt\doctest_arrayt.cpp(67,11): warning C4834: discarding return value of function with [[nodiscard]] attribute [D:\projects\2024-misis-fall\misis2024f-24-04-yapparov-e-t\build.check\prj.check\prj.check\doctest_arrayt\doctest_arrayt.vcxproj]
    14>D:\projects\2024-misis-fall\misis2024f-24-04-yapparov-e-t\prj.check\prj.check\doctest_arrayt\doctest_arrayt.cpp(88,11): warning C4834: discarding return value of function with [[nodiscard]] attribute [D:\projects\2024-misis-fall\misis2024f-24-04-yapparov-e-t\build.check\prj.check\prj.check\doctest_arrayt\doctest_arrayt.vcxproj]
