     4>D:\projects\misis2024f-check\misis2024f-24-04-yapparov-e-t\prj.lab\queuea\queuea.cpp(9,9): error C2084: функция "QueueA::QueueA(void)" уже имеет текст реализации [D:\projects\misis2024f-check\misis2024f-24-04-yapparov-e-t\build.check\prj.lab\queuea\queuea.vcxproj]
     4>D:\projects\misis2024f-check\misis2024f-24-04-yapparov-e-t\prj.lab\queuea\queuea.cpp(10,2): error C2065: len: необъявленный идентификатор [D:\projects\misis2024f-check\misis2024f-24-04-yapparov-e-t\build.check\prj.lab\queuea\queuea.vcxproj]
     4>D:\projects\misis2024f-check\misis2024f-24-04-yapparov-e-t\prj.lab\queuea\queuea.cpp(12,16): error C2440: =: невозможно преобразовать "double *" в "uint8_t *" [D:\projects\misis2024f-check\misis2024f-24-04-yapparov-e-t\build.check\prj.lab\queuea\queuea.vcxproj]
     4>D:\projects\misis2024f-check\misis2024f-24-04-yapparov-e-t\prj.lab\queuea\queuea.cpp(14,9): error C2511: QueueA::QueueA(const ptrdiff_t): перегруженная функция-член не найдена в "QueueA" [D:\projects\misis2024f-check\misis2024f-24-04-yapparov-e-t\build.check\prj.lab\queuea\queuea.vcxproj]
     4>D:\projects\misis2024f-check\misis2024f-24-04-yapparov-e-t\prj.lab\queuea\queuea.cpp(19,2): error C2065: len: необъявленный идентификатор [D:\projects\misis2024f-check\misis2024f-24-04-yapparov-e-t\build.check\prj.lab\queuea\queuea.vcxproj]
     4>D:\projects\misis2024f-check\misis2024f-24-04-yapparov-e-t\prj.lab\queuea\queuea.cpp(20,2): error C2597: недопустимая ссылка на нестатический член "QueueA::allocatedMemory" [D:\projects\misis2024f-check\misis2024f-24-04-yapparov-e-t\build.check\prj.lab\queuea\queuea.vcxproj]
     4>D:\projects\misis2024f-check\misis2024f-24-04-yapparov-e-t\prj.lab\queuea\queuea.cpp(21,27): error C2597: недопустимая ссылка на нестатический член "QueueA::allocatedMemory" [D:\projects\misis2024f-check\misis2024f-24-04-yapparov-e-t\build.check\prj.lab\queuea\queuea.vcxproj]
     4>D:\projects\misis2024f-check\misis2024f-24-04-yapparov-e-t\prj.lab\queuea\queuea.cpp(21,2): error C2597: недопустимая ссылка на нестатический член "QueueA::startAdress" [D:\projects\misis2024f-check\misis2024f-24-04-yapparov-e-t\build.check\prj.lab\queuea\queuea.vcxproj]
     4>D:\projects\misis2024f-check\misis2024f-24-04-yapparov-e-t\prj.lab\queuea\queuea.cpp(22,14): error C2597: недопустимая ссылка на нестатический член "QueueA::startAdress" [D:\projects\misis2024f-check\misis2024f-24-04-yapparov-e-t\build.check\prj.lab\queuea\queuea.vcxproj]
     4>D:\projects\misis2024f-check\misis2024f-24-04-yapparov-e-t\prj.lab\queuea\queuea.cpp(22,34): error C2065: len: необъявленный идентификатор [D:\projects\misis2024f-check\misis2024f-24-04-yapparov-e-t\build.check\prj.lab\queuea\queuea.vcxproj]
     4>D:\projects\misis2024f-check\misis2024f-24-04-yapparov-e-t\prj.lab\queuea\queuea.cpp(24,9): error C2511: QueueA::QueueA(const std::initializer_list<double>): перегруженная функция-член не найдена в "QueueA" [D:\projects\misis2024f-check\misis2024f-24-04-yapparov-e-t\build.check\prj.lab\queuea\queuea.vcxproj]
     4>D:\projects\misis2024f-check\misis2024f-24-04-yapparov-e-t\prj.lab\queuea\queuea.cpp(26,2): error C2065: len: необъявленный идентификатор [D:\projects\misis2024f-check\misis2024f-24-04-yapparov-e-t\build.check\prj.lab\queuea\queuea.vcxproj]
     4>D:\projects\misis2024f-check\misis2024f-24-04-yapparov-e-t\prj.lab\queuea\queuea.cpp(27,20): error C2065: len: необъявленный идентификатор [D:\projects\misis2024f-check\misis2024f-24-04-yapparov-e-t\build.check\prj.lab\queuea\queuea.vcxproj]
     4>D:\projects\misis2024f-check\misis2024f-24-04-yapparov-e-t\prj.lab\queuea\queuea.cpp(27,2): error C2597: недопустимая ссылка на нестатический член "QueueA::allocatedMemory" [D:\projects\misis2024f-check\misis2024f-24-04-yapparov-e-t\build.check\prj.lab\queuea\queuea.vcxproj]
     4>D:\projects\misis2024f-check\misis2024f-24-04-yapparov-e-t\prj.lab\queuea\queuea.cpp(28,27): error C2597: недопустимая ссылка на нестатический член "QueueA::allocatedMemory" [D:\projects\misis2024f-check\misis2024f-24-04-yapparov-e-t\build.check\prj.lab\queuea\queuea.vcxproj]
     4>D:\projects\misis2024f-check\misis2024f-24-04-yapparov-e-t\prj.lab\queuea\queuea.cpp(28,2): error C2597: недопустимая ссылка на нестатический член "QueueA::startAdress" [D:\projects\misis2024f-check\misis2024f-24-04-yapparov-e-t\build.check\prj.lab\queuea\queuea.vcxproj]
     4>D:\projects\misis2024f-check\misis2024f-24-04-yapparov-e-t\prj.lab\queuea\queuea.cpp(29,22): error C2065: len: необъявленный идентификатор [D:\projects\misis2024f-check\misis2024f-24-04-yapparov-e-t\build.check\prj.lab\queuea\queuea.vcxproj]
     4>D:\projects\misis2024f-check\misis2024f-24-04-yapparov-e-t\prj.lab\queuea\queuea.cpp(31,3): error C2597: недопустимая ссылка на нестатический член "QueueA::startAdress" [D:\projects\misis2024f-check\misis2024f-24-04-yapparov-e-t\build.check\prj.lab\queuea\queuea.vcxproj]
     4>D:\projects\misis2024f-check\misis2024f-24-04-yapparov-e-t\prj.lab\queuea\queuea.cpp(31,3): error C3867: "QueueA::startAdress": нестандартный синтаксис; используйте "&", чтобы создать указатель на член [D:\projects\misis2024f-check\misis2024f-24-04-yapparov-e-t\build.check\prj.lab\queuea\queuea.vcxproj]
     4>D:\projects\misis2024f-check\misis2024f-24-04-yapparov-e-t\prj.lab\queuea\queuea.cpp(31,3): error C2568: [: не удается разрешить перегрузку функции [D:\projects\misis2024f-check\misis2024f-24-04-yapparov-e-t\build.check\prj.lab\queuea\queuea.vcxproj]
     4>D:\projects\misis2024f-check\misis2024f-24-04-yapparov-e-t\prj.lab\queuea\queuea.cpp(36,2): error C2065: len: необъявленный идентификатор [D:\projects\misis2024f-check\misis2024f-24-04-yapparov-e-t\build.check\prj.lab\queuea\queuea.vcxproj]
     4>D:\projects\misis2024f-check\misis2024f-24-04-yapparov-e-t\prj.lab\queuea\queuea.cpp(36,12): error C2039: "len": не является членом "QueueA". [D:\projects\misis2024f-check\misis2024f-24-04-yapparov-e-t\build.check\prj.lab\queuea\queuea.vcxproj]
     4>D:\projects\misis2024f-check\misis2024f-24-04-yapparov-e-t\prj.lab\queuea\queuea.cpp(38,16): error C2440: =: невозможно преобразовать "double *" в "uint8_t *" [D:\projects\misis2024f-check\misis2024f-24-04-yapparov-e-t\build.check\prj.lab\queuea\queuea.vcxproj]
     4>D:\projects\misis2024f-check\misis2024f-24-04-yapparov-e-t\prj.lab\queuea\queuea.cpp(39,47): error C2065: len: необъявленный идентификатор [D:\projects\misis2024f-check\misis2024f-24-04-yapparov-e-t\build.check\prj.lab\queuea\queuea.vcxproj]
     4>D:\projects\misis2024f-check\misis2024f-24-04-yapparov-e-t\prj.lab\queuea\queuea.cpp(39,7): error C2672: "std::copy": не найдена соответствующая перегруженная функция [D:\projects\misis2024f-check\misis2024f-24-04-yapparov-e-t\build.check\prj.lab\queuea\queuea.vcxproj]
     4>D:\projects\misis2024f-check\misis2024f-24-04-yapparov-e-t\prj.lab\queuea\queuea.cpp(43,12): error C2065: len: необъявленный идентификатор [D:\projects\misis2024f-check\misis2024f-24-04-yapparov-e-t\build.check\prj.lab\queuea\queuea.vcxproj]
     4>D:\projects\misis2024f-check\misis2024f-24-04-yapparov-e-t\prj.lab\queuea\queuea.cpp(43,21): error C2039: "len": не является членом "QueueA". [D:\projects\misis2024f-check\misis2024f-24-04-yapparov-e-t\build.check\prj.lab\queuea\queuea.vcxproj]
     4>D:\projects\misis2024f-check\misis2024f-24-04-yapparov-e-t\prj.lab\queuea\queuea.cpp(50,14): error C2039: "Resize": не является членом "QueueA". [D:\projects\misis2024f-check\misis2024f-24-04-yapparov-e-t\build.check\prj.lab\queuea\queuea.vcxproj]
     4>D:\projects\misis2024f-check\misis2024f-24-04-yapparov-e-t\prj.lab\queuea\queuea.cpp(56,14): error C2065: len: необъявленный идентификатор [D:\projects\misis2024f-check\misis2024f-24-04-yapparov-e-t\build.check\prj.lab\queuea\queuea.vcxproj]
     4>D:\projects\misis2024f-check\misis2024f-24-04-yapparov-e-t\prj.lab\queuea\queuea.cpp(60,13): error C2065: len: необъявленный идентификатор [D:\projects\misis2024f-check\misis2024f-24-04-yapparov-e-t\build.check\prj.lab\queuea\queuea.vcxproj]
     4>D:\projects\misis2024f-check\misis2024f-24-04-yapparov-e-t\prj.lab\queuea\queuea.cpp(63,13): error C2065: startAdress: необъявленный идентификатор [D:\projects\misis2024f-check\misis2024f-24-04-yapparov-e-t\build.check\prj.lab\queuea\queuea.vcxproj]
     4>D:\projects\misis2024f-check\misis2024f-24-04-yapparov-e-t\prj.lab\queuea\queuea.cpp(63,26): error C2065: startAdress: необъявленный идентификатор [D:\projects\misis2024f-check\misis2024f-24-04-yapparov-e-t\build.check\prj.lab\queuea\queuea.vcxproj]
     4>D:\projects\misis2024f-check\misis2024f-24-04-yapparov-e-t\prj.lab\queuea\queuea.cpp(64,3): error C2065: startAdress: необъявленный идентификатор [D:\projects\misis2024f-check\misis2024f-24-04-yapparov-e-t\build.check\prj.lab\queuea\queuea.vcxproj]
     4>D:\projects\misis2024f-check\misis2024f-24-04-yapparov-e-t\prj.lab\queuea\queuea.cpp(65,3): error C2065: allocatedMemory: необъявленный идентификатор [D:\projects\misis2024f-check\misis2024f-24-04-yapparov-e-t\build.check\prj.lab\queuea\queuea.vcxproj]
     4>D:\projects\misis2024f-check\misis2024f-24-04-yapparov-e-t\prj.lab\queuea\queuea.cpp(66,3): error C2065: len: необъявленный идентификатор [D:\projects\misis2024f-check\misis2024f-24-04-yapparov-e-t\build.check\prj.lab\queuea\queuea.vcxproj]
     4>D:\projects\misis2024f-check\misis2024f-24-04-yapparov-e-t\prj.lab\queuea\queuea.cpp(70,7): error C2065: allocatedMemory: необъявленный идентификатор [D:\projects\misis2024f-check\misis2024f-24-04-yapparov-e-t\build.check\prj.lab\queuea\queuea.vcxproj]
     4>D:\projects\misis2024f-check\misis2024f-24-04-yapparov-e-t\prj.lab\queuea\queuea.cpp(72,8): error C2065: allocatedMemory: необъявленный идентификатор [D:\projects\misis2024f-check\misis2024f-24-04-yapparov-e-t\build.check\prj.lab\queuea\queuea.vcxproj]
     4>D:\projects\misis2024f-check\misis2024f-24-04-yapparov-e-t\prj.lab\queuea\queuea.cpp(74,5): error C2065: allocatedMemory: необъявленный идентификатор [D:\projects\misis2024f-check\misis2024f-24-04-yapparov-e-t\build.check\prj.lab\queuea\queuea.vcxproj]
     4>D:\projects\misis2024f-check\misis2024f-24-04-yapparov-e-t\prj.lab\queuea\queuea.cpp(78,5): error C2065: allocatedMemory: необъявленный идентификатор [D:\projects\misis2024f-check\misis2024f-24-04-yapparov-e-t\build.check\prj.lab\queuea\queuea.vcxproj]
     4>D:\projects\misis2024f-check\misis2024f-24-04-yapparov-e-t\prj.lab\queuea\queuea.cpp(80,30): error C2065: allocatedMemory: необъявленный идентификатор [D:\projects\misis2024f-check\misis2024f-24-04-yapparov-e-t\build.check\prj.lab\queuea\queuea.vcxproj]
     4>D:\projects\misis2024f-check\misis2024f-24-04-yapparov-e-t\prj.lab\queuea\queuea.cpp(81,14): error C2065: startAdress: необъявленный идентификатор [D:\projects\misis2024f-check\misis2024f-24-04-yapparov-e-t\build.check\prj.lab\queuea\queuea.vcxproj]
     4>D:\projects\misis2024f-check\misis2024f-24-04-yapparov-e-t\prj.lab\queuea\queuea.cpp(81,27): error C2065: startAdress: необъявленный идентификатор [D:\projects\misis2024f-check\misis2024f-24-04-yapparov-e-t\build.check\prj.lab\queuea\queuea.vcxproj]
     4>D:\projects\misis2024f-check\misis2024f-24-04-yapparov-e-t\prj.lab\queuea\queuea.cpp(81,41): error C2065: len: необъявленный идентификатор [D:\projects\misis2024f-check\misis2024f-24-04-yapparov-e-t\build.check\prj.lab\queuea\queuea.vcxproj]
     4>D:\projects\misis2024f-check\misis2024f-24-04-yapparov-e-t\prj.lab\queuea\queuea.cpp(82,22): error C2065: len: необъявленный идентификатор [D:\projects\misis2024f-check\misis2024f-24-04-yapparov-e-t\build.check\prj.lab\queuea\queuea.vcxproj]
     4>D:\projects\misis2024f-check\misis2024f-24-04-yapparov-e-t\prj.lab\queuea\queuea.cpp(82,38): error C2065: allocatedMemory: необъявленный идентификатор [D:\projects\misis2024f-check\misis2024f-24-04-yapparov-e-t\build.check\prj.lab\queuea\queuea.vcxproj]
     4>D:\projects\misis2024f-check\misis2024f-24-04-yapparov-e-t\prj.lab\queuea\queuea.cpp(82,56): error C2065: len: необъявленный идентификатор [D:\projects\misis2024f-check\misis2024f-24-04-yapparov-e-t\build.check\prj.lab\queuea\queuea.vcxproj]
     4>D:\projects\misis2024f-check\misis2024f-24-04-yapparov-e-t\prj.lab\queuea\queuea.cpp(82,9): error C2660: memset: функция не принимает 2 аргументов [D:\projects\misis2024f-check\misis2024f-24-04-yapparov-e-t\build.check\prj.lab\queuea\queuea.vcxproj]
     4>D:\projects\misis2024f-check\misis2024f-24-04-yapparov-e-t\prj.lab\queuea\queuea.cpp(83,4): error C2065: startAdress: необъявленный идентификатор [D:\projects\misis2024f-check\misis2024f-24-04-yapparov-e-t\build.check\prj.lab\queuea\queuea.vcxproj]
     4>D:\projects\misis2024f-check\misis2024f-24-04-yapparov-e-t\prj.lab\queuea\queuea.cpp(85,3): error C2065: len: необъявленный идентификатор [D:\projects\misis2024f-check\misis2024f-24-04-yapparov-e-t\build.check\prj.lab\queuea\queuea.vcxproj]
     4>D:\projects\misis2024f-check\misis2024f-24-04-yapparov-e-t\prj.lab\queuea\queuea.cpp(88,14): error C2039: "Insert": не является членом "QueueA". [D:\projects\misis2024f-check\misis2024f-24-04-yapparov-e-t\build.check\prj.lab\queuea\queuea.vcxproj]
     4>D:\projects\misis2024f-check\misis2024f-24-04-yapparov-e-t\prj.lab\queuea\queuea.cpp(90,12): error C2065: len: необъявленный идентификатор [D:\projects\misis2024f-check\misis2024f-24-04-yapparov-e-t\build.check\prj.lab\queuea\queuea.vcxproj]
     4>D:\projects\misis2024f-check\misis2024f-24-04-yapparov-e-t\prj.lab\queuea\queuea.cpp(94,2): error C2355: "this": может указываться только в нестатических членах-функциях или инициализаторах нестатических членов данных [D:\projects\misis2024f-check\misis2024f-24-04-yapparov-e-t\build.check\prj.lab\queuea\queuea.vcxproj]
     4>D:\projects\misis2024f-check\misis2024f-24-04-yapparov-e-t\prj.lab\queuea\queuea.cpp(94,15): error C2065: len: необъявленный идентификатор [D:\projects\misis2024f-check\misis2024f-24-04-yapparov-e-t\build.check\prj.lab\queuea\queuea.vcxproj]
     4>D:\projects\misis2024f-check\misis2024f-24-04-yapparov-e-t\prj.lab\queuea\queuea.cpp(95,13): error C2065: startAdress: необъявленный идентификатор [D:\projects\misis2024f-check\misis2024f-24-04-yapparov-e-t\build.check\prj.lab\queuea\queuea.vcxproj]
     4>D:\projects\misis2024f-check\misis2024f-24-04-yapparov-e-t\prj.lab\queuea\queuea.cpp(95,31): error C2065: startAdress: необъявленный идентификатор [D:\projects\misis2024f-check\misis2024f-24-04-yapparov-e-t\build.check\prj.lab\queuea\queuea.vcxproj]
     4>D:\projects\misis2024f-check\misis2024f-24-04-yapparov-e-t\prj.lab\queuea\queuea.cpp(95,45): error C2065: len: необъявленный идентификатор [D:\projects\misis2024f-check\misis2024f-24-04-yapparov-e-t\build.check\prj.lab\queuea\queuea.vcxproj]
     4>D:\projects\misis2024f-check\misis2024f-24-04-yapparov-e-t\prj.lab\queuea\queuea.cpp(95,51): error C2065: startAdress: необъявленный идентификатор [D:\projects\misis2024f-check\misis2024f-24-04-yapparov-e-t\build.check\prj.lab\queuea\queuea.vcxproj]
     4>D:\projects\misis2024f-check\misis2024f-24-04-yapparov-e-t\prj.lab\queuea\queuea.cpp(95,7): error C2672: "std::copy": не найдена соответствующая перегруженная функция [D:\projects\misis2024f-check\misis2024f-24-04-yapparov-e-t\build.check\prj.lab\queuea\queuea.vcxproj]
     4>D:\projects\misis2024f-check\misis2024f-24-04-yapparov-e-t\prj.lab\queuea\queuea.cpp(96,2): error C2065: startAdress: необъявленный идентификатор [D:\projects\misis2024f-check\misis2024f-24-04-yapparov-e-t\build.check\prj.lab\queuea\queuea.vcxproj]
     4>D:\projects\misis2024f-check\misis2024f-24-04-yapparov-e-t\prj.lab\queuea\queuea.cpp(99,14): error C2039: "Remove": не является членом "QueueA". [D:\projects\misis2024f-check\misis2024f-24-04-yapparov-e-t\build.check\prj.lab\queuea\queuea.vcxproj]
     4>D:\projects\misis2024f-check\misis2024f-24-04-yapparov-e-t\prj.lab\queuea\queuea.cpp(101,13): error C2065: len: необъявленный идентификатор [D:\projects\misis2024f-check\misis2024f-24-04-yapparov-e-t\build.check\prj.lab\queuea\queuea.vcxproj]
     4>D:\projects\misis2024f-check\misis2024f-24-04-yapparov-e-t\prj.lab\queuea\queuea.cpp(105,13): error C2065: startAdress: необъявленный идентификатор [D:\projects\misis2024f-check\misis2024f-24-04-yapparov-e-t\build.check\prj.lab\queuea\queuea.vcxproj]
     4>D:\projects\misis2024f-check\misis2024f-24-04-yapparov-e-t\prj.lab\queuea\queuea.cpp(105,35): error C2065: startAdress: необъявленный идентификатор [D:\projects\misis2024f-check\misis2024f-24-04-yapparov-e-t\build.check\prj.lab\queuea\queuea.vcxproj]
     4>D:\projects\misis2024f-check\misis2024f-24-04-yapparov-e-t\prj.lab\queuea\queuea.cpp(105,49): error C2065: len: необъявленный идентификатор [D:\projects\misis2024f-check\misis2024f-24-04-yapparov-e-t\build.check\prj.lab\queuea\queuea.vcxproj]
     4>D:\projects\misis2024f-check\misis2024f-24-04-yapparov-e-t\prj.lab\queuea\queuea.cpp(105,55): error C2065: startAdress: необъявленный идентификатор [D:\projects\misis2024f-check\misis2024f-24-04-yapparov-e-t\build.check\prj.lab\queuea\queuea.vcxproj]
     4>D:\projects\misis2024f-check\misis2024f-24-04-yapparov-e-t\prj.lab\queuea\queuea.cpp(105,7): error C2672: "std::copy": не найдена соответствующая перегруженная функция [D:\projects\misis2024f-check\misis2024f-24-04-yapparov-e-t\build.check\prj.lab\queuea\queuea.vcxproj]
     4>D:\projects\misis2024f-check\misis2024f-24-04-yapparov-e-t\prj.lab\queuea\queuea.cpp(106,2): error C2355: "this": может указываться только в нестатических членах-функциях или инициализаторах нестатических членов данных [D:\projects\misis2024f-check\misis2024f-24-04-yapparov-e-t\build.check\prj.lab\queuea\queuea.vcxproj]
     4>D:\projects\misis2024f-check\misis2024f-24-04-yapparov-e-t\prj.lab\queuea\queuea.cpp(106,15): error C2065: len: необъявленный идентификатор [D:\projects\misis2024f-check\misis2024f-24-04-yapparov-e-t\build.check\prj.lab\queuea\queuea.vcxproj]
     4>D:\projects\misis2024f-check\misis2024f-24-04-yapparov-e-t\prj.lab\queuea\queuea.cpp(109,19): error C2039: "Size": не является членом "QueueA". [D:\projects\misis2024f-check\misis2024f-24-04-yapparov-e-t\build.check\prj.lab\queuea\queuea.vcxproj]
     4>D:\projects\misis2024f-check\misis2024f-24-04-yapparov-e-t\prj.lab\queuea\queuea.cpp(109,19): error C2270: Size: модификаторы недопустимы для функций, не являющихся членами [D:\projects\misis2024f-check\misis2024f-24-04-yapparov-e-t\build.check\prj.lab\queuea\queuea.vcxproj]
     4>D:\projects\misis2024f-check\misis2024f-24-04-yapparov-e-t\prj.lab\queuea\queuea.cpp(110,9): error C2065: len: необъявленный идентификатор [D:\projects\misis2024f-check\misis2024f-24-04-yapparov-e-t\build.check\prj.lab\queuea\queuea.vcxproj]
     4>D:\projects\misis2024f-check\misis2024f-24-04-yapparov-e-t\prj.lab\queuea\queuea.cpp(112,17): error C2039: "[]": не является членом "QueueA". [D:\projects\misis2024f-check\misis2024f-24-04-yapparov-e-t\build.check\prj.lab\queuea\queuea.vcxproj]
     4>D:\projects\misis2024f-check\misis2024f-24-04-yapparov-e-t\prj.lab\queuea\queuea.cpp(113,11): error C2065: len: необъявленный идентификатор [D:\projects\misis2024f-check\misis2024f-24-04-yapparov-e-t\build.check\prj.lab\queuea\queuea.vcxproj]
     4>D:\projects\misis2024f-check\misis2024f-24-04-yapparov-e-t\prj.lab\queuea\queuea.cpp(117,9): error C2065: startAdress: необъявленный идентификатор [D:\projects\misis2024f-check\misis2024f-24-04-yapparov-e-t\build.check\prj.lab\queuea\queuea.vcxproj]
     4>D:\projects\misis2024f-check\misis2024f-24-04-yapparov-e-t\prj.lab\queuea\queuea.cpp(119,23): error C2039: "[]": не является членом "QueueA". [D:\projects\misis2024f-check\misis2024f-24-04-yapparov-e-t\build.check\prj.lab\queuea\queuea.vcxproj]
     4>D:\projects\misis2024f-check\misis2024f-24-04-yapparov-e-t\prj.lab\queuea\queuea.cpp(119,23): error C2270: []: модификаторы недопустимы для функций, не являющихся членами [D:\projects\misis2024f-check\misis2024f-24-04-yapparov-e-t\build.check\prj.lab\queuea\queuea.vcxproj]
     4>D:\projects\misis2024f-check\misis2024f-24-04-yapparov-e-t\prj.lab\queuea\queuea.cpp(119,61): error C2556: const double &[](const ptrdiff_t): перегруженная функция отличается от "double &[](const ptrdiff_t)" только возвращаемым типом [D:\projects\misis2024f-check\misis2024f-24-04-yapparov-e-t\build.check\prj.lab\queuea\queuea.vcxproj]
     4>D:\projects\misis2024f-check\misis2024f-24-04-yapparov-e-t\prj.lab\queuea\queuea.cpp(120,13): error C2065: len: необъявленный идентификатор [D:\projects\misis2024f-check\misis2024f-24-04-yapparov-e-t\build.check\prj.lab\queuea\queuea.vcxproj]
     4>D:\projects\misis2024f-check\misis2024f-24-04-yapparov-e-t\prj.lab\queuea\queuea.cpp(124,9): error C2065: startAdress: необъявленный идентификатор [D:\projects\misis2024f-check\misis2024f-24-04-yapparov-e-t\build.check\prj.lab\queuea\queuea.vcxproj]
     4>D:\projects\misis2024f-check\misis2024f-24-04-yapparov-e-t\prj.lab\queuea\queuea.cpp(137,3): error C2065: len: необъявленный идентификатор [D:\projects\misis2024f-check\misis2024f-24-04-yapparov-e-t\build.check\prj.lab\queuea\queuea.vcxproj]
     4>D:\projects\misis2024f-check\misis2024f-24-04-yapparov-e-t\prj.lab\queuea\queuea.cpp(137,13): error C2039: "len": не является членом "QueueA". [D:\projects\misis2024f-check\misis2024f-24-04-yapparov-e-t\build.check\prj.lab\queuea\queuea.vcxproj]
     4>D:\projects\misis2024f-check\misis2024f-24-04-yapparov-e-t\prj.lab\queuea\queuea.cpp(138,21): error C2065: len: необъявленный идентификатор [D:\projects\misis2024f-check\misis2024f-24-04-yapparov-e-t\build.check\prj.lab\queuea\queuea.vcxproj]
     4>D:\projects\misis2024f-check\misis2024f-24-04-yapparov-e-t\prj.lab\queuea\queuea.cpp(139,17): error C2440: =: невозможно преобразовать "double *" в "uint8_t *" [D:\projects\misis2024f-check\misis2024f-24-04-yapparov-e-t\build.check\prj.lab\queuea\queuea.vcxproj]
     4>D:\projects\misis2024f-check\misis2024f-24-04-yapparov-e-t\prj.lab\queuea\queuea.cpp(140,48): error C2065: len: необъявленный идентификатор [D:\projects\misis2024f-check\misis2024f-24-04-yapparov-e-t\build.check\prj.lab\queuea\queuea.vcxproj]
     4>D:\projects\misis2024f-check\misis2024f-24-04-yapparov-e-t\prj.lab\queuea\queuea.cpp(140,8): error C2672: "std::copy": не найдена соответствующая перегруженная функция [D:\projects\misis2024f-check\misis2024f-24-04-yapparov-e-t\build.check\prj.lab\queuea\queuea.vcxproj]
     4>D:\projects\misis2024f-check\misis2024f-24-04-yapparov-e-t\prj.lab\queuea\queuea.cpp(148,13): error C2065: len: необъявленный идентификатор [D:\projects\misis2024f-check\misis2024f-24-04-yapparov-e-t\build.check\prj.lab\queuea\queuea.vcxproj]
     4>D:\projects\misis2024f-check\misis2024f-24-04-yapparov-e-t\prj.lab\queuea\queuea.cpp(148,22): error C2039: "len": не является членом "QueueA". [D:\projects\misis2024f-check\misis2024f-24-04-yapparov-e-t\build.check\prj.lab\queuea\queuea.vcxproj]
